// Jest Snapshot v1, https://goo.gl/fbAQLP

exports[`Checkbox It renders correctly 1`] = `
<div>
  <div
    class="app-checkbox-container"
  >
    <input
      class="app-checkbox"
      id=":r0:"
      type="checkbox"
    />
    <label
      class="app-checkbox-label"
      for=":r0:"
    />
  </div>
</div>
`;
